******************************************************************************
                  TI ARM Linker PC v20.2.7                     
******************************************************************************
>> Linked Sat Jun 17 18:51:17 2023

OUTPUT FILE NAME:   <gpiointerrupt_CC3220S_LAUNCHXL_nortos_ccs.out>
ENTRY POINT SYMBOL: "resetISR"  address: 2001204d


MEMORY CONFIGURATION

         name            origin    length      used     unused   attr    fill
----------------------  --------  ---------  --------  --------  ----  --------
  SRAM2                 20000000   00004000  0000130c  00002cf4  RW X
  SRAM                  20004000   0003c000  0000f566  0002ca9a  RW X
  LOG_DATA              90000000   00040000  00000000  00040000  R   


SEGMENT ALLOCATION MAP

run origin  load origin   length   init length attrs members
----------  ----------- ---------- ----------- ----- -------
20003000    20003000    00001000   00000000    rw-
  20003000    20003000    00001000   00000000    rw- .stack
20004000    20004000    00000040   00000040    r--
  20004000    20004000    00000040   00000040    r-- .resetVecs
20004040    20004040    00008000   00000000    rw-
  20004040    20004040    00008000   00000000    rw- .sysmem
2000c040    2000c040    0000657c   0000657c    r-x
  2000c040    2000c040    0000657c   0000657c    r-x .text
200125bc    200125bc    000005cc   00000000    rw-
  200125bc    200125bc    000005cc   00000000    rw- .data
20012b88    20012b88    0000051a   0000051a    r--
  20012b88    20012b88    0000051a   0000051a    r-- .const
200130a8    200130a8    000003d4   00000000    rw-
  200130a8    200130a8    000003d4   00000000    rw- .bss
20013480    20013480    000000f0   000000f0    r--
  20013480    20013480    000000f0   000000f0    r-- .cinit


SECTION ALLOCATION MAP

 output                                  attributes/
section   page    origin      length       input sections
--------  ----  ----------  ----------   ----------------
.text      0    2000c040    0000657c     
                  2000c040    00000a4e     rtsv7M4_T_le_eabi.lib : _printfi.c.obj (.text:__TI_printfi)
                  2000ca8e    00000002     ti_drivers_config.obj (.text:Board_initHook)
                  2000ca90    0000042c     driverlib.a : prcm.obj (.text:PRCMCC3200MCUInit)
                  2000cebc    00000288     drivers_cc32xx.a : UARTCC32XX.oem4 (.text:UARTCC32XX_open)
                  2000d144    00000268     rtsv7M4_T_le_eabi.lib : _printfi.c.obj (.text:_pconv_a)
                  2000d3ac    00000250     gpiointerrupt.obj (.text:initI2C)
                  2000d5fc    000001e4     drivers_cc32xx.a : GPIOCC32XX.oem4 (.text:GPIO_setConfig)
                  2000d7e0    000001cc     rtsv7M4_T_le_eabi.lib : _printfi.c.obj (.text:_pconv_g)
                  2000d9ac    000001b6                           : fd_add_t2.asm.obj (.text)
                  2000db62    00000002     drivers_cc32xx.a : I2C.oem4 (.text:I2C_init)
                  2000db64    0000019c     nortos_cc32xx.a : PowerCC32XX_nortos.oem4 (.text:PowerCC32XX_sleepPolicy)
                  2000dd00    00000164     gpiointerrupt.obj (.text:mainThread)
                  2000de64    00000148     drivers_cc32xx.a : I2CCC32XX.oem4 (.text:I2CCC32XX_hwiFxn)
                  2000dfac    00000148                      : PowerCC32XX.oem4 (.text:parkPins)
                  2000e0f4    0000013c     rtsv7M4_T_le_eabi.lib : _printfi.c.obj (.text:_pconv_e)
                  2000e230    00000138     drivers_cc32xx.a : PowerCC32XX.oem4 (.text:Power_sleep)
                  2000e368    00000136     rtsv7M4_T_le_eabi.lib : fd_div_t2.asm.obj (.text)
                  2000e49e    00000002     nortos_cc32xx.a : PowerCC32XX_nortos.oem4 (.text:PowerCC32XX_initPolicy)
                  2000e4a0    00000128     drivers_cc32xx.a : TimerCC32XX.oem4 (.text:TimerCC32XX_open)
                  2000e5c8    00000122                      : I2C.oem4 (.text:I2C_transferTimeout)
                  2000e6ea    00000002                      : TimerCC32XX.oem4 (.text:TimerCC32XX_init)
                  2000e6ec    00000120                      : UARTCC32XX.oem4 (.text:UARTCC32XX_close)
                  2000e80c    00000120     rtsv7M4_T_le_eabi.lib : _printfi.c.obj (.text:fcvt)
                  2000e92c    00000120     gpiointerrupt.obj (.text:readTemp)
                  2000ea4c    00000100     rtsv7M4_T_le_eabi.lib : memory.c.obj (.text:aligned_alloc)
                  2000eb4c    000000fc     drivers_cc32xx.a : I2CCC32XX.oem4 (.text:I2C_open)
                  2000ec48    000000fc     rtsv7M4_T_le_eabi.lib : fd_mul_t2.asm.obj (.text)
                  2000ed44    000000f2     drivers_cc32xx.a : UARTCC32XX.oem4 (.text:UARTCC32XX_control)
                  2000ee36    00000002                      : UARTCC32XX.oem4 (.text:UARTCC32XX_init)
                  2000ee38    000000e4     rtsv7M4_T_le_eabi.lib : memory.c.obj (.text:free)
                  2000ef1c    000000d0                           : s_scalbn.c.obj (.text:scalbn)
                  2000efec    000000ca     drivers_cc32xx.a : UARTCC32XX.oem4 (.text:UARTCC32XX_write)
                  2000f0b6    00000002     rtsv7M4_T_le_eabi.lib : _lock.c.obj (.text:_nop)
                  2000f0b8    000000c4     drivers_cc32xx.a : GPIOCC32XX.oem4 (.text:GPIO_init)
                  2000f17c    000000c0                      : PowerCC32XX.oem4 (.text:restoreParkedPins)
                  2000f23c    000000ba                      : UARTCC32XX.oem4 (.text:UARTCC32XX_readPolling)
                  2000f2f6    00000002     nortos_cc32xx.a : startup_cc32xx_ccs.oem4 (.text:busFaultHandler)
                  2000f2f8    000000b8     drivers_cc32xx.a : UARTCC32XX.oem4 (.text:initHw)
                  2000f3b0    000000b6                      : UARTCC32XX.oem4 (.text:readTaskCallback)
                  2000f466    000000b2                      : I2CCC32XX.oem4 (.text:I2CCC32XX_completeTransfer)
                  2000f518    000000b1     rtsv7M4_T_le_eabi.lib : _printfi.c.obj (.text:_ltostr)
                  2000f5c9    00000001     --HOLE-- [fill = 0]
                  2000f5ca    000000b0     drivers_cc32xx.a : UARTCC32XX.oem4 (.text:readTaskBlocking)
                  2000f67a    000000ae                      : UARTCC32XX.oem4 (.text:readIsrTextBlocking)
                  2000f728    000000a8                      : I2CCC32XX.oem4 (.text:I2CCC32XX_primeWriteBurst)
                  2000f7d0    000000a8     driverlib.a : interrupt.obj (.text:IntEnable)
                  2000f878    000000a8     drivers_cc32xx.a : PowerCC32XX.oem4 (.text:PowerCC32XX_configureWakeup)
                  2000f920    000000a2                      : UARTCC32XX.oem4 (.text:readIsrTextCallback)
                  2000f9c2    000000a2                      : UARTCC32XX.oem4 (.text:writeData)
                  2000fa64    000000a0     nortos_cc32xx.a : SemaphoreP_nortos.oem4 (.text:SemaphoreP_pend)
                  2000fb04    0000009c     drivers_cc32xx.a : I2CCC32XX.oem4 (.text:I2CCC32XX_initHw)
                  2000fba0    0000009c     rtsv7M4_T_le_eabi.lib : memcpy_t2.asm.obj (.text)
                  2000fc3c    00000098     drivers_cc32xx.a : GPIOCC32XX.oem4 (.text:powerNotifyFxn)
                  2000fcd4    00000096     rtsv7M4_T_le_eabi.lib : ull_div_t2.asm.obj (.text)
                  2000fd6a    00000002     nortos_cc32xx.a : SemaphoreP_nortos.oem4 (.text:clkFxn)
                  2000fd6c    00000090     drivers_cc32xx.a : PowerCC32XX.oem4 (.text:restoreNVICRegs)
                  2000fdfc    0000008c     nortos_cc32xx.a : HwiPCC32XX_nortos.oem4 (.text:HwiP_construct)
                  2000fe88    00000088     driverlib.a : interrupt.obj (.text:IntPendSet)
                  2000ff10    00000088                 : pin.obj (.text:PinConfigSet)
                  2000ff98    00000088     drivers_cc32xx.a : TimerCC32XX.oem4 (.text:TimerCC32XX_setPeriod)
                  20010020    00000086     rtsv7M4_T_le_eabi.lib : fd_cmp_t2.asm.obj (.text:__aeabi_cdcmple)
                  200100a6    00000086                           : fd_cmp_t2.asm.obj (.text:__aeabi_cdrcmple)
                  2001012c    00000084     drivers_cc32xx.a : PowerCC32XX.oem4 (.text:Power_init)
                  200101b0    00000084                      : PowerCC32XX.oem4 (.text:saveNVICRegs)
                  20010234    00000080                      : PowerCC32XX.oem4 (.text:Power_setDependency)
                  200102b4    0000007c                      : UARTCC32XX.oem4 (.text:readIsrBinaryBlocking)
                  20010330    0000007a                      : I2CCC32XX.oem4 (.text:I2CCC32XX_primeReadBurst)
                  200103aa    0000007a     rtsv7M4_T_le_eabi.lib : fs_mul_t2.asm.obj (.text)
                  20010424    0000007a                           : memset_t2.asm.obj (.text)
                  2001049e    00000002     nortos_cc32xx.a : startup_cc32xx_ccs.oem4 (.text:defaultHandler)
                  200104a0    00000078     drivers_cc32xx.a : GPIOCC32XX.oem4 (.text:GPIO_hwiIntFxn)
                  20010518    00000078                      : TimerCC32XX.oem4 (.text:TimerCC32XX_start)
                  20010590    00000078                      : UARTCC32XX.oem4 (.text:readIsrBinaryCallback)
                  20010608    00000074                      : UARTCC32XX.oem4 (.text:UARTCC32XX_hwiIntFxn)
                  2001067c    00000070     rtsv7M4_T_le_eabi.lib : memory.c.obj (.text:split)
                  200106ec    0000006e                           : _printfi.c.obj (.text:_mcpy)
                  2001075a    0000006a     drivers_cc32xx.a : I2CCC32XX.oem4 (.text:I2CSupport_primeTransfer)
                  200107c4    00000068     rtsv7M4_T_le_eabi.lib : copy_decompress_lzss.c.obj (.text:decompress:lzss:__TI_decompress_lzss)
                  2001082c    00000066     drivers_cc32xx.a : UARTCC32XX.oem4 (.text:UARTCC32XX_writeCancel)
                  20010892    00000002     nortos_cc32xx.a : startup_cc32xx_ccs.oem4 (.text:faultISR)
                  20010894    00000064     drivers_cc32xx.a : PowerCC32XX.oem4 (.text:PowerCC32XX_setParkState)
                  200108f8    00000062                      : UARTCC32XX.oem4 (.text:UARTCC32XX_writePolling)
                  2001095a    00000002     nortos_cc32xx.a : startup_cc32xx_ccs.oem4 (.text:nmiISR)
                  2001095c    00000060     driverlib.a : prcm.obj (.text:PRCMSysResetCauseGet)
                  200109bc    0000005c     drivers_cc32xx.a : GPIOCC32XX.oem4 (.text:GPIO_setCallback)
                  20010a18    0000005c     rtsv7M4_T_le_eabi.lib : s_frexp.c.obj (.text:frexp)
                  20010a74    0000005c     nortos_cc32xx.a : ClockPSysTick_nortos.oem4 (.text:sysTickInit)
                  20010ad0    00000058     drivers_cc32xx.a : GPIOCC32XX.oem4 (.text:GPIO_write)
                  20010b28    00000058     driverlib.a : prcm.obj (.text:PRCMPeripheralReset)
                  20010b80    00000058     drivers_cc32xx.a : PowerCC32XX.oem4 (.text:Power_releaseDependency)
                  20010bd8    00000056                      : TimerCC32XX.oem4 (.text:TimerCC32XX_stop)
                  20010c2e    00000056     rtsv7M4_T_le_eabi.lib : _printfi.c.obj (.text:_pconv_f)
                  20010c84    00000054                           : _ltoa.c.obj (.text:__TI_ltoa)
                  20010cd8    00000054     gpiointerrupt.obj (.text:initTimer)
                  20010d2c    00000054     drivers_cc32xx.a : UARTCC32XX.oem4 (.text:ringBufGet)
                  20010d80    00000052                      : PowerCC32XX_asm.oem4 (.text:PowerCC32XX_resumeLPDS)
                  20010dd2    00000052     rtsv7M4_T_le_eabi.lib : _printfi.c.obj (.text:_ecpy)
                  20010e24    00000052     drivers_cc32xx.a : TimerCC32XX.oem4 (.text:initHw)
                  20010e76    00000002     rtsv7M4_T_le_eabi.lib : div0.asm.obj (.text)
                  20010e78    00000050     nortos_cc32xx.a : ClockPSysTick_nortos.oem4 (.text:ClockP_sysTickHandler)
                  20010ec8    00000050                     : SemaphoreP_nortos.oem4 (.text:SemaphoreP_construct)
                  20010f18    00000050     drivers_cc32xx.a : TimerCC32XX.oem4 (.text:TimerCC32XX_allocateTimerResource)
                  20010f68    0000004c                      : GPIOCC32XX.oem4 (.text:GPIO_enableInt)
                  20010fb4    0000004c                      : I2CCC32XX.oem4 (.text:I2CCC32XX_readRecieveFifo)
                  20011000    0000004c                      : PowerCC32XX.oem4 (.text:PowerCC32XX_parkPin)
                  2001104c    0000004c     rtsv7M4_T_le_eabi.lib : atoi.c.obj (.text:atoi)
                  20011098    0000004c     drivers_cc32xx.a : PowerCC32XX.oem4 (.text:restorePeriphClocks)
                  200110e4    0000004c     rtsv7M4_T_le_eabi.lib : snprintf.c.obj (.text:snprintf)
                  20011130    00000048     driverlib.a : flash.obj (.text:FlashDisable)
                  20011178    00000048                 : prcm.obj (.text:PRCMLPDSEnter)
                  200111c0    00000048                 : prcm.obj (.text:PRCMPeripheralClkEnable)
                  20011208    00000048     drivers_cc32xx.a : PowerCC32XX.oem4 (.text:Power_releaseConstraint)
                  20011250    00000048     rtsv7M4_T_le_eabi.lib : fd_toi_t2.asm.obj (.text)
                  20011298    00000046     drivers_cc32xx.a : RingBuf.oem4 (.text:RingBuf_put)
                  200112de    00000046                      : TimerCC32XX.oem4 (.text:getPrescaler)
                  20011324    00000044     nortos_cc32xx.a : ClockPSysTick_nortos.oem4 (.text:ClockP_stop)
                  20011368    00000044     driverlib.a : prcm.obj (.text:PRCMLPDSRestoreInfoSet)
                  200113ac    00000044     drivers_cc32xx.a : PowerCC32XX_asm.oem4 (.text:PowerCC32XX_enterLPDS)
                  200113f0    00000044     nortos_cc32xx.a : SemaphoreP_nortos.oem4 (.text:SemaphoreP_post)
                  20011434    00000044                     : SwiP_nortos.oem4 (.text:SwiP_restore)
                  20011478    00000044     drivers_cc32xx.a : Timer.oem4 (.text:Timer_init)
                  200114bc    00000044                      : UART.oem4 (.text:UART_init)
                  20011500    00000044     rtsv7M4_T_le_eabi.lib : autoinit.c.obj (.text:__TI_auto_init_nobinit_nopinit:__TI_auto_init_nobinit_nopinit)
                  20011544    00000044     gpiointerrupt.obj (.text:initUART)
                  20011588    00000040     nortos_cc32xx.a : ClockPSysTick_nortos.oem4 (.text:ClockP_construct)
                  200115c8    00000040     driverlib.a : pin.obj (.text:PinModeSet)
                  20011608    00000040     drivers_cc32xx.a : RingBuf.oem4 (.text:RingBuf_get)
                  20011648    00000040                      : Timer.oem4 (.text:Timer_open)
                  20011688    00000040                      : UARTCC32XX.oem4 (.text:UARTCC32XX_read)
                  200116c8    00000040                      : UART.oem4 (.text:UART_open)
                  20011708    0000003e     rtsv7M4_T_le_eabi.lib : _printfi.c.obj (.text:_fcpy)
                  20011746    00000002     --HOLE-- [fill = 0]
                  20011748    0000003c     nortos_cc32xx.a : ClockPSysTick_nortos.oem4 (.text:ClockP_destruct)
                  20011784    0000003c     drivers_cc32xx.a : PowerCC32XX.oem4 (.text:Power_setConstraint)
                  200117c0    0000003a                      : TimerCC32XX.oem4 (.text:TimerCC32XX_close)
                  200117fa    0000003a     nortos_cc32xx.a : PowerCC32XX_nortos.oem4 (.text:getCountsRTC)
                  20011834    00000038     driverlib.a : prcm.obj (.text:PRCMLPDSEnterKeepDebugIf)
                  2001186c    00000038     drivers_cc32xx.a : TimerCC32XX.oem4 (.text:TimerCC32XX_hwiIntFunction)
                  200118a4    00000038     nortos_cc32xx.a : ClockPSysTick_nortos.oem4 (.text:addToList)
                  200118dc    00000038                     : startup_cc32xx_ccs.oem4 (.text:initVectors)
                  20011914    00000038     drivers_cc32xx.a : PowerCC32XX.oem4 (.text:notify)
                  2001194c    00000038     rtsv7M4_T_le_eabi.lib : fs_toi_t2.asm.obj (.text)
                  20011984    00000038                           : i_tofs_t2.asm.obj (.text)
                  200119bc    00000036     driverlib.a : timer.obj (.text:TimerControlStall)
                  200119f2    00000036     drivers_cc32xx.a : UARTCC32XX.oem4 (.text:UARTCC32XX_readCancel)
                  20011a28    00000034     nortos_cc32xx.a : ClockPSysTick_nortos.oem4 (.text:ClockP_getTicksUntilInterrupt)
                  20011a5c    00000034                     : ClockPSysTick_nortos.oem4 (.text:ClockP_startup)
                  20011a90    00000034     driverlib.a : pin.obj (.text:PinModeGet)
                  20011ac4    00000034     drivers_cc32xx.a : PowerCC32XX.oem4 (.text:PowerCC32XX_restoreParkState)
                  20011af8    00000034                      : TimerCC32XX.oem4 (.text:TimerCC32XX_freeTimerResource)
                  20011b2c    00000034                      : TimerCC32XX.oem4 (.text:getPowerMgrId)
                  20011b60    00000030     nortos_cc32xx.a : ClockPSysTick_nortos.oem4 (.text:ClockP_start)
                  20011b90    00000030     drivers_cc32xx.a : PowerCC32XX.oem4 (.text:PowerCC32XX_restoreParkedPin)
                  20011bc0    00000030     rtsv7M4_T_le_eabi.lib : snprintf.c.obj (.text:_outs)
                  20011bf0    0000002e                           : i_tofd_t2.asm.obj (.text)
                  20011c1e    00000002     --HOLE-- [fill = 0]
                  20011c20    0000002c     drivers_cc32xx.a : PowerCC32XX.oem4 (.text:PowerCC32XX_getParkState)
                  20011c4c    0000002a     nortos_cc32xx.a : HwiPCC32XX_nortos.oem4 (.text:HwiP_create)
                  20011c76    0000002a     driverlib.a : timer.obj (.text:TimerLoadSet)
                  20011ca0    0000002a                 : timer.obj (.text:TimerPrescaleSet)
                  20011cca    00000028                 : i2c.obj (.text:I2CFIFODataPutNonBlocking)
                  20011cf2    00000002     --HOLE-- [fill = 0]
                  20011cf4    00000028                 : prcm.obj (.text:PRCMPeripheralClkDisable)
                  20011d1c    00000028     drivers_cc32xx.a : PowerCC32XX.oem4 (.text:Power_registerNotify)
                  20011d44    00000028     rtsv7M4_T_le_eabi.lib : memory.c.obj (.text:free_list_insert)
                  20011d6c    00000026     driverlib.a : i2c.obj (.text:I2CFIFODataGetNonBlocking)
                  20011d92    00000026     drivers_cc32xx.a : I2C.oem4 (.text:I2C_cancel)
                  20011db8    00000026                      : List.oem4 (.text:List_put)
                  20011dde    00000026                      : List.oem4 (.text:List_remove)
                  20011e04    00000024     nortos_cc32xx.a : HwiPCC32XX_nortos.oem4 (.text:HwiP_dispatch)
                  20011e28    00000024     drivers_cc32xx.a : PowerCC32XX.oem4 (.text:PowerCC32XX_reset)
                  20011e4c    00000024     rtsv7M4_T_le_eabi.lib : boot_cortex_m.c.obj (.text:_c_int00_noargs:_c_int00_noargs)
                  20011e70    00000022     driverlib.a : i2c.obj (.text:I2CMasterSlaveAddrSet)
                  20011e92    00000020     nortos_cc32xx.a : HwiPCC32XX_nortos.oem4 (.text:HwiP_destruct)
                  20011eb2    00000002     --HOLE-- [fill = 0]
                  20011eb4    00000020     drivers_cc32xx.a : PowerCC32XX.oem4 (.text:Power_unregisterNotify)
                  20011ed4    00000020                      : RingBuf.oem4 (.text:RingBuf_peek)
                  20011ef4    00000020                      : UARTCC32XX.oem4 (.text:getPowerMgrId)
                  20011f14    0000001e     driverlib.a : i2c.obj (.text:I2CMasterIntStatusEx)
                  20011f32    0000001e     nortos_cc32xx.a : SemaphoreP_nortos.oem4 (.text:SemaphoreP_constructBinary)
                  20011f50    0000001e     driverlib.a : timer.obj (.text:TimerDisable)
                  20011f6e    0000001e                 : timer.obj (.text:TimerEnable)
                  20011f8c    0000001c                 : pin.obj (.text:PinToPadGet)
                  20011fa8    0000001c     nortos_cc32xx.a : SwiP_nortos.oem4 (.text:SwiP_disable)
                  20011fc4    0000001c     rtsv7M4_T_le_eabi.lib : copy_zero_init.c.obj (.text:decompress:ZI:__TI_zero_init_nomemset:__TI_zero_init_nomemset)
                  20011fe0    0000001c                           : memory.c.obj (.text:free_list_remove)
                  20011ffc    0000001c                           : memccpy.c.obj (.text:memccpy)
                  20012018    0000001a     nortos_cc32xx.a : ClockPSysTick_nortos.oem4 (.text:ClockP_create)
                  20012032    0000001a                     : SemaphoreP_nortos.oem4 (.text:SemaphoreP_createBinary)
                  2001204c    0000001a                     : startup_cc32xx_ccs.oem4 (.text:resetISR)
                  20012066    00000018     driverlib.a : i2c.obj (.text:I2CMasterBusBusy)
                  2001207e    00000018                 : i2c.obj (.text:I2CMasterIntDisableEx)
                  20012096    00000018                 : i2c.obj (.text:I2CMasterIntEnableEx)
                  200120ae    00000018                 : i2c.obj (.text:I2CRxFIFOFlush)
                  200120c6    00000018                 : i2c.obj (.text:I2CTxFIFOFlush)
                  200120de    00000002     --HOLE-- [fill = 0]
                  200120e0    00000018     drivers_cc32xx.a : PowerCC32XX.oem4 (.text:Power_getTransitionLatency)
                  200120f8    00000018                      : PowerCC32XX.oem4 (.text:Power_idleFunc)
                  20012110    00000018                      : TimerCC32XX.oem4 (.text:TimerCC32XX_getCount)
                  20012128    00000018     driverlib.a : timer.obj (.text:TimerIntDisable)
                  20012140    00000018                 : timer.obj (.text:TimerIntEnable)
                  20012158    00000018                 : uart.obj (.text:UARTBusy)
                  20012170    00000018                 : uart.obj (.text:UARTIntEnable)
                  20012188    00000018     drivers_cc32xx.a : UART.oem4 (.text:UART_Params_init)
                  200121a0    00000018     rtsv7M4_T_le_eabi.lib : snprintf.c.obj (.text:_outc)
                  200121b8    00000018     gpiointerrupt.obj (.text:gpioButtonFxn0)
                  200121d0    00000018     gpiointerrupt.obj (.text:gpioButtonFxn1)
                  200121e8    00000018     rtsv7M4_T_le_eabi.lib : ll_mul_t2.asm.obj (.text)
                  20012200    00000018     gpiointerrupt.obj (.text:timerCallback)
                  20012218    00000016     driverlib.a : i2c.obj (.text:I2CMasterBurstLengthSet)
                  2001222e    00000016                 : prcm.obj (.text:PRCMHIBRegRead)
                  20012244    00000016                 : prcm.obj (.text:PRCMHIBRegWrite)
                  2001225a    00000016     nortos_cc32xx.a : SemaphoreP_nortos.oem4 (.text:SemaphoreP_create)
                  20012270    00000016     rtsv7M4_T_le_eabi.lib : strchr.c.obj (.text:strchr)
                  20012286    00000014     driverlib.a : cpu.obj (.text:CPUcpsid)
                  2001229a    00000002     --HOLE-- [fill = 0]
                  2001229c    00000014     nortos_cc32xx.a : HwiPCC32XX_nortos.oem4 (.text:HwiP_inISR)
                  200122b0    00000014     drivers_cc32xx.a : I2CCC32XX.oem4 (.text:I2CSupport_masterFinish)
                  200122c4    00000014                      : I2C.oem4 (.text:I2C_transfer)
                  200122d8    00000014     driverlib.a : interrupt.obj (.text:IntVTableBaseSet)
                  200122ec    00000014     drivers_cc32xx.a : PowerCC32XX.oem4 (.text:Power_disablePolicy)
                  20012300    00000014                      : PowerCC32XX.oem4 (.text:Power_getDependencyCount)
                  20012314    00000014                      : UARTCC32XX.oem4 (.text:releasePowerConstraint)
                  20012328    00000014     rtsv7M4_T_le_eabi.lib : strlen.c.obj (.text:strlen)
                  2001233c    00000012     nortos_cc32xx.a : HwiPCC32XX_nortos.oem4 (.text:HwiP_Params_init)
                  2001234e    00000012     driverlib.a : i2c.obj (.text:I2CMasterIntClearEx)
                  20012360    00000012     drivers_cc32xx.a : RingBuf.oem4 (.text:RingBuf_construct)
                  20012372    00000012     driverlib.a : timer.obj (.text:TimerIntClear)
                  20012384    00000012     main_nortos.obj (.text:main)
                  20012396    00000012     rtsv7M4_T_le_eabi.lib : wcslen.c.obj (.text:wcslen)
                  200123a8    00000010     ti_drivers_config.obj (.text:Board_init)
                  200123b8    00000010     nortos_cc32xx.a : ClockPSysTick_nortos.oem4 (.text:ClockP_add)
                  200123c8    00000010                     : ClockPSysTick_nortos.oem4 (.text:ClockP_delete)
                  200123d8    00000010                     : ClockPSysTick_nortos.oem4 (.text:ClockP_getCpuFreq)
                  200123e8    00000010                     : ClockPSysTick_nortos.oem4 (.text:ClockP_getSystemTicks)
                  200123f8    00000010                     : ClockPSysTick_nortos.oem4 (.text:ClockP_setTicks)
                  20012408    00000010                     : HwiPCC32XX_nortos.oem4 (.text:HwiP_delete)
                  20012418    00000010                     : HwiPCC32XX_nortos.oem4 (.text:HwiP_restore)
                  20012428    00000010     driverlib.a : i2c.obj (.text:I2CFIFOStatus)
                  20012438    00000010     drivers_cc32xx.a : I2C.oem4 (.text:I2C_Params_init)
                  20012448    00000010                      : PowerCC32XX.oem4 (.text:Power_enablePolicy)
                  20012458    00000010     nortos_cc32xx.a : SemaphoreP_nortos.oem4 (.text:SemaphoreP_Params_init)
                  20012468    00000010     drivers_cc32xx.a : Timer.oem4 (.text:Timer_Params_init)
                  20012478    00000010                      : UARTCC32XX.oem4 (.text:readBlockingTimeout)
                  20012488    0000000e     nortos_cc32xx.a : HwiPCC32XX_nortos.oem4 (.text:HwiP_clearInterrupt)
                  20012496    0000000e                     : HwiPCC32XX_nortos.oem4 (.text:HwiP_disable)
                  200124a4    0000000e                     : HwiPCC32XX_nortos.oem4 (.text:HwiP_disableInterrupt)
                  200124b2    0000000e                     : HwiPCC32XX_nortos.oem4 (.text:HwiP_enable)
                  200124c0    0000000e                     : HwiPCC32XX_nortos.oem4 (.text:HwiP_enableInterrupt)
                  200124ce    0000000e     drivers_cc32xx.a : I2CCC32XX.oem4 (.text:I2CCC32XX_updateReg)
                  200124dc    0000000e                      : RingBuf.oem4 (.text:RingBuf_isFull)
                  200124ea    0000000e     rtsv7M4_T_le_eabi.lib : copy_decompress_none.c.obj (.text:decompress:none:__TI_decompress_none)
                  200124f8    0000000c     drivers_cc32xx.a : I2CCC32XX.oem4 (.text:I2CCC32XX_postNotify)
                  20012504    0000000c                      : PowerCC32XX.oem4 (.text:Power_getConstraintMask)
                  20012510    0000000c     rtsv7M4_T_le_eabi.lib : s_copysign.c.obj (.text:copysign)
                  2001251c    0000000c     drivers_cc32xx.a : TimerCC32XX.oem4 (.text:postNotifyFxn)
                  20012528    0000000c                      : UARTCC32XX.oem4 (.text:postNotifyFxn)
                  20012534    0000000a     nortos_cc32xx.a : ClockPSysTick_nortos.oem4 (.text:ClockP_Params_init)
                  2001253e    0000000a                     : ClockPSysTick_nortos.oem4 (.text:ClockP_isActive)
                  20012548    0000000a     driverlib.a : interrupt.obj (.text:IntMasterDisable)
                  20012552    0000000a     drivers_cc32xx.a : Timer.oem4 (.text:Timer_start)
                  2001255c    0000000a                      : UART.oem4 (.text:UART_write)
                  20012566    00000008                      : I2CCC32XX.oem4 (.text:I2CCC32XX_blockingCallback)
                  2001256e    00000002     --HOLE-- [fill = 0]
                  20012570    00000008     rtsv7M4_T_le_eabi.lib : errno.c.obj (.text:__aeabi_errno_addr)
                  20012578    00000008                           : memory.c.obj (.text:malloc)
                  20012580    00000008     drivers_cc32xx.a : UARTCC32XX.oem4 (.text:readSemCallback)
                  20012588    00000008                      : UARTCC32XX.oem4 (.text:writeSemCallback)
                  20012590    00000006                      : I2CCC32XX.oem4 (.text:I2CSupport_powerRelConstraint)
                  20012596    00000006                      : I2CCC32XX.oem4 (.text:I2CSupport_powerSetConstraint)
                  2001259c    00000006                      : TimerCC32XX.oem4 (.text:TimerCC32XX_control)
                  200125a2    00000006     driverlib.a : utils.obj (.text:UtilsDelay)
                  200125a8    00000004     nortos_cc32xx.a : ClockPSysTick_nortos.oem4 (.text:ClockP_setTimeout)
                  200125ac    00000004                     : HwiPCC32XX_nortos.oem4 (.text:HwiP_post)
                  200125b0    00000004                     : SemaphoreP_nortos.oem4 (.text:SemaphoreP_delete)
                  200125b4    00000004     rtsv7M4_T_le_eabi.lib : pre_init.c.obj (.text:_system_pre_init)
                  200125b8    00000004                           : exit.c.obj (.text:abort:abort)

.const     0    20012b88    0000051a     
                  20012b88    00000101     rtsv7M4_T_le_eabi.lib : ctype.c.obj (.const:.string:_ctypes_)
                  20012c89    00000003     --HOLE-- [fill = 0]
                  20012c8c    00000100     driverlib.a : pin.obj (.const:g_ulPinToPadMap)
                  20012d8c    000000a8                 : prcm.obj (.const:PRCM_PeriphRegsList)
                  20012e34    00000044     ti_drivers_config.obj (.const:PowerCC32XX_config)
                  20012e78    00000028     drivers_cc32xx.a : UARTCC32XX.oem4 (.const:UARTCC32XX_fxnTable)
                  20012ea0    00000024                      : UART.oem4 (.const:UART_defaultParams)
                  20012ec4    00000024     ti_drivers_config.obj (.const:uartCC32XXHWAttrs0)
                  20012ee8    00000021     drivers_cc32xx.a : GPIOCC32XX.oem4 (.const:.string:pinTable)
                  20012f09    00000003     --HOLE-- [fill = 0]
                  20012f0c    00000020                      : TimerCC32XX.oem4 (.const:TimerCC32XX_fxnTable)
                  20012f2c    00000020                      : UARTCC32XX.oem4 (.const:staticFxnTable)
                  20012f4c    00000018     driverlib.a : interrupt.obj (.const:g_pulEnRegs)
                  20012f64    00000018                 : interrupt.obj (.const:g_pulPendRegs)
                  20012f7c    00000018     gpiointerrupt.obj (.const:sensors)
                  20012f94    00000014     ti_drivers_config.obj (.const:GPIOCC32XX_config)
                  20012fa8    00000014     drivers_cc32xx.a : GPIOCC32XX.oem4 (.const:gpioBaseAddresses)
                  20012fbc    00000014     ti_drivers_config.obj (.const:i2cCC32XXHWAttrs)
                  20012fd0    00000014     drivers_cc32xx.a : UARTCC32XX.oem4 (.const:parityType)
                  20012fe4    00000014                      : GPIOCC32XX.oem4 (.const:powerResources)
                  20012ff8    00000010                      : I2C.oem4 (.const:I2C_defaultParams)
                  20013008    00000010                      : I2CCC32XX.oem4 (.const:I2C_defaultParams)
                  20013018    00000010                      : UARTCC32XX.oem4 (.const:dataLength)
                  20013028    00000010     ti_drivers_config.obj (.const:timerCC32XXHWAttrs)
                  20013038    0000000c     gpiointerrupt.obj (.const:.string)
                  20013044    0000000c     ti_drivers_config.obj (.const:Timer_config)
                  20013050    0000000c     ti_drivers_config.obj (.const:UART_config)
                  2001305c    0000000c     drivers_cc32xx.a : Timer.oem4 (.const:defaultParams)
                  20013068    00000009     ti_drivers_config.obj (.const)
                  20013071    00000003     --HOLE-- [fill = 0]
                  20013074    00000008     ti_drivers_config.obj (.const:I2C_config)
                  2001307c    00000008     drivers_cc32xx.a : GPIOCC32XX.oem4 (.const:outPinTypes)
                  20013084    00000008                      : UARTCC32XX.oem4 (.const:stopBits)
                  2001308c    00000006                      : GPIOCC32XX.oem4 (.const:.string:interruptType)
                  20013092    00000006                      : GPIOCC32XX.oem4 (.const:inPinTypes)
                  20013098    00000006                      : GPIOCC32XX.oem4 (.const:outPinStrengths)
                  2001309e    00000004                      : GPIOCC32XX.oem4 (.const:.string:portInterruptIds)

.cinit     0    20013480    000000f0     
                  20013480    000000cb     (.cinit..data.load) [load image, compression = lzss]
                  2001354b    00000001     --HOLE-- [fill = 0]
                  2001354c    0000000c     (__TI_handler_table)
                  20013558    00000008     (.cinit..bss.load) [load image, compression = zero_init]
                  20013560    00000010     (__TI_cinit_table)

.init_array 
*          0    20004000    00000000     UNINITIALIZED

.ramVecs   0    20000000    0000030c     NOLOAD SECTION
                  20000000    0000030c     nortos_cc32xx.a : startup_cc32xx_ccs.oem4 (.ramVecs)

.stack     0    20003000    00001000     UNINITIALIZED
                  20003000    00000004     rtsv7M4_T_le_eabi.lib : boot_cortex_m.c.obj (.stack)
                  20003004    00000ffc     --HOLE--

.resetVecs 
*          0    20004000    00000040     
                  20004000    00000040     nortos_cc32xx.a : startup_cc32xx_ccs.oem4 (.resetVecs:retain)

.sysmem    0    20004040    00008000     UNINITIALIZED
                  20004040    00000010     rtsv7M4_T_le_eabi.lib : memory.c.obj (.sysmem)
                  20004050    00007ff0     --HOLE--

.data      0    200125bc    000005cc     UNINITIALIZED
                  200125bc    0000030c     nortos_cc32xx.a : HwiPCC32XX_nortos.oem4 (.data:HwiP_dispatchTable)
                  200128c8    0000016c     drivers_cc32xx.a : PowerCC32XX.oem4 (.data:PowerCC32XX_module)
                  20012a34    000000f8     ti_drivers_config.obj (.data:parkInfo)
                  20012b2c    0000000c     ti_drivers_config.obj (.data:gpioCallbackFunctions)
                  20012b38    0000000c     ti_drivers_config.obj (.data:gpioPinConfigs)
                  20012b44    00000009     drivers_cc32xx.a : GPIOCC32XX.oem4 (.data)
                  20012b4d    00000003     nortos_cc32xx.a : SemaphoreP_nortos.oem4 (.data)
                  20012b50    00000009     gpiointerrupt.obj (.data)
                  20012b59    00000001     drivers_cc32xx.a : Timer.oem4 (.data)
                  20012b5a    00000001                      : UART.oem4 (.data)
                  20012b5b    00000001     --HOLE--
                  20012b5c    00000008     rtsv7M4_T_le_eabi.lib : _lock.c.obj (.data:$O1$$)
                  20012b64    00000008                           : memory.c.obj (.data:$O1$$)
                  20012b6c    00000008     nortos_cc32xx.a : SemaphoreP_nortos.oem4 (.data:SemaphoreP_defaultParams)
                  20012b74    00000008                     : HwiPCC32XX_nortos.oem4 (.data)
                  20012b7c    00000005                     : ClockPSysTick_nortos.oem4 (.data)
                  20012b81    00000003     --HOLE--
                  20012b84    00000004     rtsv7M4_T_le_eabi.lib : errno.c.obj (.data)

.bss       0    200130a8    000003d4     UNINITIALIZED
                  200130a8    0000012c     (.common:PowerCC32XX_contextSave)
                  200131d4    000000fc     (.common:i2cCC32XXObjects)
                  200132d0    00000084     (.common:uartCC32XXObjects0)
                  20013354    00000040     (.common:output)
                  20013394    00000034     (.common:timerCC32XXObjects)
                  200133c8    00000020     drivers_cc32xx.a : GPIOCC32XX.oem4 (.bss:gpioCallbackInfo)
                  200133e8    00000020     ti_drivers_config.obj (.bss:uartCC32XXRingBuffer0)
                  20013408    00000020     (.common:i2cTransaction)
                  20013428    00000014     drivers_cc32xx.a : GPIOCC32XX.oem4 (.bss:powerNotifyObj)
                  2001343c    00000004                      : GPIOCC32XX.oem4 (.bss)
                  20013440    00000010     (.common:ClockP_ctrl)
                  20013450    0000000d     nortos_cc32xx.a : SwiP_nortos.oem4 (.bss)
                  2001345d    00000003     --HOLE--
                  20013460    00000004                     : ClockPSysTick_nortos.oem4 (.bss)
                  20013464    00000004     drivers_cc32xx.a : TimerCC32XX.oem4 (.bss:timerState)
                  20013468    00000004     (.common:i2c)
                  2001346c    00000004     (.common:rxBuffer)
                  20013470    00000004     (.common:timer0)
                  20013474    00000004     (.common:txBuffer)
                  20013478    00000004     (.common:uart)

.log_data 
*          0    90000000    00000000     COPY SECTION

__llvm_prf_cnts 
*          0    20004000    00000000     UNINITIALIZED

MODULE SUMMARY

       Module                       code    ro data   rw data
       ------                       ----    -------   -------
    .\
       gpiointerrupt.obj            1460    36        125    
       main_nortos.obj              18      0         0      
    +--+----------------------------+-------+---------+---------+
       Total:                       1478    36        125    
                                                             
    .\syscfg\
       ti_drivers_config.obj        18      201       740    
    +--+----------------------------+-------+---------+---------+
       Total:                       18      201       740    
                                                             
    C:/ti/simplelink_cc32xx_sdk_4_30_00_06/kernel/nortos/lib/ccs/m4/nortos_cc32xx.a
       HwiPCC32XX_nortos.oem4       394     0         788    
       startup_cc32xx_ccs.oem4      90      64        780    
       ClockPSysTick_nortos.oem4    702     0         25     
       PowerCC32XX_nortos.oem4      472     0         0      
       SemaphoreP_nortos.oem4       408     0         11     
       SwiP_nortos.oem4             96      0         13     
    +--+----------------------------+-------+---------+---------+
       Total:                       2162    64        1617   
                                                             
    C:/ti/simplelink_cc32xx_sdk_4_30_00_06/source/ti/devices/cc32xx/driverlib/ccs/Release/driverlib.a
       prcm.obj                     1604    168       0      
       pin.obj                      280     256       0      
       interrupt.obj                334     48        0      
       i2c.obj                      318     0         0      
       timer.obj                    264     0         0      
       flash.obj                    72      0         0      
       uart.obj                     48      0         0      
       cpu.obj                      20      0         0      
       utils.obj                    6       0         0      
    +--+----------------------------+-------+---------+---------+
       Total:                       2946    472       0      
                                                             
    C:/ti/simplelink_cc32xx_sdk_4_30_00_06/source/ti/drivers/lib/ccs/m4/drivers_cc32xx.a
       UARTCC32XX.oem4              3466    116       0      
       PowerCC32XX.oem4             2432    0         664    
       I2CCC32XX.oem4               1452    16        0      
       GPIOCC32XX.oem4              1208    103       65     
       TimerCC32XX.oem4             1132    32        4      
       I2C.oem4                     366     16        0      
       UART.oem4                    166     36        1      
       RingBuf.oem4                 198     0         0      
       Timer.oem4                   158     12        1      
       PowerCC32XX_asm.oem4         150     0         0      
       List.oem4                    76      0         0      
    +--+----------------------------+-------+---------+---------+
       Total:                       10804   331       735    
                                                             
    C:\ti\ccs1230\ccs\tools\compiler\ti-cgt-arm_20.2.7.LTS\lib\rtsv7M4_T_le_eabi.lib
       _printfi.c.obj               4835    0         0      
       memory.c.obj                 672     0         8      
       fd_add_t2.asm.obj            438     0         0      
       fd_div_t2.asm.obj            310     0         0      
       fd_cmp_t2.asm.obj            268     0         0      
       ctype.c.obj                  0       257       0      
       fd_mul_t2.asm.obj            252     0         0      
       s_scalbn.c.obj               208     0         0      
       memcpy_t2.asm.obj            156     0         0      
       ull_div_t2.asm.obj           150     0         0      
       snprintf.c.obj               148     0         0      
       fs_mul_t2.asm.obj            122     0         0      
       memset_t2.asm.obj            122     0         0      
       copy_decompress_lzss.c.obj   104     0         0      
       s_frexp.c.obj                92      0         0      
       _ltoa.c.obj                  84      0         0      
       atoi.c.obj                   76      0         0      
       fd_toi_t2.asm.obj            72      0         0      
       autoinit.c.obj               68      0         0      
       fs_toi_t2.asm.obj            56      0         0      
       i_tofs_t2.asm.obj            56      0         0      
       i_tofd_t2.asm.obj            46      0         0      
       boot_cortex_m.c.obj          36      0         0      
       copy_zero_init.c.obj         28      0         0      
       memccpy.c.obj                28      0         0      
       ll_mul_t2.asm.obj            24      0         0      
       strchr.c.obj                 22      0         0      
       strlen.c.obj                 20      0         0      
       wcslen.c.obj                 18      0         0      
       copy_decompress_none.c.obj   14      0         0      
       errno.c.obj                  8       0         4      
       s_copysign.c.obj             12      0         0      
       _lock.c.obj                  2       0         8      
       exit.c.obj                   4       0         0      
       pre_init.c.obj               4       0         0      
       div0.asm.obj                 2       0         0      
    +--+----------------------------+-------+---------+---------+
       Total:                       8557    257       20     
                                                             
       Heap:                        0       0         32768  
       Stack:                       0       0         4096   
       Linker Generated:            0       239       0      
    +--+----------------------------+-------+---------+---------+
       Grand Total:                 25965   1600      40101  


LINKER GENERATED COPY TABLES

__TI_cinit_table @ 20013560 records: 2, size/record: 8, table size: 16
	.data: load addr=20013480, load size=000000cb bytes, run addr=200125bc, run size=000005cc bytes, compression=lzss
	.bss: load addr=20013558, load size=00000008 bytes, run addr=200130a8, run size=000003d4 bytes, compression=zero_init


LINKER GENERATED HANDLER TABLE

__TI_handler_table @ 2001354c records: 3, size/record: 4, table size: 12
	index: 0, handler: __TI_decompress_lzss
	index: 1, handler: __TI_decompress_none
	index: 2, handler: __TI_zero_init


GLOBAL SYMBOLS: SORTED ALPHABETICALLY BY Name 

address   name                             
-------   ----                             
200123a9  Board_init                       
2000ca8f  Board_initHook                   
200125b9  C$$EXIT                          
20013068  CONFIG_GPIO_BUTTON_0_CONST       
20013069  CONFIG_GPIO_BUTTON_1_CONST       
2001306a  CONFIG_GPIO_LED_0_CONST          
2001306b  CONFIG_I2C_0_CONST               
2001306d  CONFIG_TIMER_0_CONST             
2001306f  CONFIG_UART_0_CONST              
20012287  CPUcpsid                         
20012535  ClockP_Params_init               
200123b9  ClockP_add                       
20011589  ClockP_construct                 
20012019  ClockP_create                    
20013440  ClockP_ctrl                      
200123c9  ClockP_delete                    
20011749  ClockP_destruct                  
20010e79  ClockP_doTick                    
200123d9  ClockP_getCpuFreq                
200123e9  ClockP_getSystemTicks            
20011a29  ClockP_getTicksUntilInterrupt    
2001253f  ClockP_isActive                  
200123f9  ClockP_setTicks                  
200125a9  ClockP_setTimeout                
20011b61  ClockP_start                     
20011a5d  ClockP_startup                   
20011325  ClockP_stop                      
20010e79  ClockP_sysTickHandler            
20012b7c  ClockP_tickPeriod                
20011131  FlashDisable                     
20012f94  GPIOCC32XX_config                
20010f69  GPIO_enableInt                   
200104a1  GPIO_hwiIntFxn                   
2000f0b9  GPIO_init                        
200109bd  GPIO_setCallback                 
2000d5fd  GPIO_setConfig                   
20010ad1  GPIO_write                       
2001233d  HwiP_Params_init                 
20012489  HwiP_clearInterrupt              
2000fdfd  HwiP_construct                   
20011c4d  HwiP_create                      
20012409  HwiP_delete                      
20011e93  HwiP_destruct                    
20012497  HwiP_disable                     
200124a5  HwiP_disableInterrupt            
20011e05  HwiP_dispatch                    
200124b3  HwiP_enable                      
200124c1  HwiP_enableInterrupt             
2001229d  HwiP_inISR                       
20012b74  HwiP_key                         
200125ad  HwiP_post                        
20012419  HwiP_restore                     
20012b78  HwiP_swiPIntNum                  
20011d6d  I2CFIFODataGetNonBlocking        
20011ccb  I2CFIFODataPutNonBlocking        
20012429  I2CFIFOStatus                    
20012219  I2CMasterBurstLengthSet          
20012067  I2CMasterBusBusy                 
2001234f  I2CMasterIntClearEx              
2001207f  I2CMasterIntDisableEx            
20012097  I2CMasterIntEnableEx             
20011f15  I2CMasterIntStatusEx             
20011e71  I2CMasterSlaveAddrSet            
200120af  I2CRxFIFOFlush                   
200122b1  I2CSupport_masterFinish          
20012591  I2CSupport_powerRelConstraint    
20012597  I2CSupport_powerSetConstraint    
2001075b  I2CSupport_primeTransfer         
200120c7  I2CTxFIFOFlush                   
20012439  I2C_Params_init                  
20011d93  I2C_cancel                       
20013074  I2C_config                       
2001306c  I2C_count                        
20012ff8  I2C_defaultParams                
2000db63  I2C_init                         
2000eb4d  I2C_open                         
200122c5  I2C_transfer                     
2000e5c9  I2C_transferTimeout              
UNDEFED   ITM_flush                        
UNDEFED   ITM_restore                      
2000f7d1  IntEnable                        
20012549  IntMasterDisable                 
2000fe89  IntPendSet                       
200122d9  IntVTableBaseSet                 
20011db9  List_put                         
20011ddf  List_remove                      
200124b3  NoRTOS_start                     
2000ca91  PRCMCC3200MCUInit                
2001222f  PRCMHIBRegRead                   
20012245  PRCMHIBRegWrite                  
20011179  PRCMLPDSEnter                    
20011835  PRCMLPDSEnterKeepDebugIf         
20011369  PRCMLPDSRestoreInfoSet           
20011cf5  PRCMPeripheralClkDisable         
200111c1  PRCMPeripheralClkEnable          
20010b29  PRCMPeripheralReset              
2001095d  PRCMSysResetCauseGet             
2000ff11  PinConfigSet                     
20011a91  PinModeGet                       
200115c9  PinModeSet                       
20011f8d  PinToPadGet                      
20012e34  PowerCC32XX_config               
2000f879  PowerCC32XX_configureWakeup      
200130a8  PowerCC32XX_contextSave          
200113ad  PowerCC32XX_enterLPDS            
20011c21  PowerCC32XX_getParkState         
2000e49f  PowerCC32XX_initPolicy           
200128c8  PowerCC32XX_module               
20011001  PowerCC32XX_parkPin              
20011e29  PowerCC32XX_reset                
20011ac5  PowerCC32XX_restoreParkState     
20011b91  PowerCC32XX_restoreParkedPin     
20010d81  PowerCC32XX_resumeLPDS           
20010895  PowerCC32XX_setParkState         
2000db65  PowerCC32XX_sleepPolicy          
200122ed  Power_disablePolicy              
20012449  Power_enablePolicy               
20012505  Power_getConstraintMask          
20012301  Power_getDependencyCount         
200120e1  Power_getTransitionLatency       
200120f9  Power_idleFunc                   
2001012d  Power_init                       
20011d1d  Power_registerNotify             
20011209  Power_releaseConstraint          
20010b81  Power_releaseDependency          
20011785  Power_setConstraint              
20010235  Power_setDependency              
2000e231  Power_sleep                      
20011eb5  Power_unregisterNotify           
20012361  RingBuf_construct                
20011609  RingBuf_get                      
200124dd  RingBuf_isFull                   
20011ed5  RingBuf_peek                     
20011299  RingBuf_put                      
20012459  SemaphoreP_Params_init           
20010ec9  SemaphoreP_construct             
20011f33  SemaphoreP_constructBinary       
2001225b  SemaphoreP_create                
20012033  SemaphoreP_createBinary          
20012b6c  SemaphoreP_defaultParams         
200125b1  SemaphoreP_delete                
2000fa65  SemaphoreP_pend                  
200113f1  SemaphoreP_post                  
20011fa9  SwiP_disable                     
20011435  SwiP_restore                     
20010f19  TimerCC32XX_allocateTimerResource
200117c1  TimerCC32XX_close                
2001259d  TimerCC32XX_control              
20011af9  TimerCC32XX_freeTimerResource    
20012f0c  TimerCC32XX_fxnTable             
20012111  TimerCC32XX_getCount             
2000e6eb  TimerCC32XX_init                 
2000e4a1  TimerCC32XX_open                 
2000ff99  TimerCC32XX_setPeriod            
20010519  TimerCC32XX_start                
20010bd9  TimerCC32XX_stop                 
200119bd  TimerControlStall                
20011f51  TimerDisable                     
20011f6f  TimerEnable                      
20012b58  TimerFlag                        
20012373  TimerIntClear                    
20012129  TimerIntDisable                  
20012141  TimerIntEnable                   
20011c77  TimerLoadSet                     
20011ca1  TimerPrescaleSet                 
20012469  Timer_Params_init                
20013044  Timer_config                     
2001306e  Timer_count                      
20011479  Timer_init                       
20011649  Timer_open                       
20012553  Timer_start                      
20012159  UARTBusy                         
2000e6ed  UARTCC32XX_close                 
2000ed45  UARTCC32XX_control               
20012e78  UARTCC32XX_fxnTable              
2000ee37  UARTCC32XX_init                  
2000cebd  UARTCC32XX_open                  
20011689  UARTCC32XX_read                  
200119f3  UARTCC32XX_readCancel            
2000f23d  UARTCC32XX_readPolling           
2000efed  UARTCC32XX_write                 
2001082d  UARTCC32XX_writeCancel           
200108f9  UARTCC32XX_writePolling          
20012171  UARTIntEnable                    
20012189  UART_Params_init                 
20013050  UART_config                      
20013070  UART_count                       
20012ea0  UART_defaultParams               
200114bd  UART_init                        
200116c9  UART_open                        
2001255d  UART_write                       
200125a3  UtilsDelay                       
20004000  __STACK_END                      
00001000  __STACK_SIZE                     
00008000  __SYSMEM_SIZE                    
20013560  __TI_CINIT_Base                  
20013570  __TI_CINIT_Limit                 
2001354c  __TI_Handler_Table_Base          
20013558  __TI_Handler_Table_Limit         
20011501  __TI_auto_init_nobinit_nopinit   
200107c5  __TI_decompress_lzss             
200124eb  __TI_decompress_none             
20010c85  __TI_ltoa                        
ffffffff  __TI_pprof_out_hndl              
2000c041  __TI_printfi                     
ffffffff  __TI_prof_data_size              
ffffffff  __TI_prof_data_start             
20013480  __TI_static_base__               
20011fc5  __TI_zero_init_nomemset          
20010021  __aeabi_cdcmpeq                  
20010021  __aeabi_cdcmple                  
200100a7  __aeabi_cdrcmple                 
20011251  __aeabi_d2iz                     
2000d9b7  __aeabi_dadd                     
2000e369  __aeabi_ddiv                     
2000ec49  __aeabi_dmul                     
2000d9ad  __aeabi_dsub                     
20012571  __aeabi_errno_addr               
2001194d  __aeabi_f2iz                     
200103ab  __aeabi_fmul                     
20011bf1  __aeabi_i2d                      
20011985  __aeabi_i2f                      
20010e77  __aeabi_idiv0                    
20010e77  __aeabi_ldiv0                    
200121e9  __aeabi_lmul                     
20010425  __aeabi_memclr                   
20010425  __aeabi_memclr4                  
20010425  __aeabi_memclr8                  
2000fba1  __aeabi_memcpy                   
2000fba1  __aeabi_memcpy4                  
2000fba1  __aeabi_memcpy8                  
20010427  __aeabi_memset                   
20010427  __aeabi_memset4                  
20010427  __aeabi_memset8                  
2000fcd5  __aeabi_uldivmod                 
ffffffff  __binit__                        
ffffffff  __c_args__                       
UNDEFED   __mpu_init                       
20003000  __stack                          
20004000  __start___llvm_prf_cnts          
20004000  __stop___llvm_prf_cnts           
20011e4d  _c_int00_noargs                  
20012b88  _ctypes_                         
20012b5c  _lock                            
2000f0b7  _nop                             
20004040  _sys_memory                      
UNDEFED   _system_post_cinit               
200125b5  _system_pre_init                 
20012b60  _unlock                          
200125b9  abort                            
2000ea4d  aligned_alloc                    
2001104d  atoi                             
ffffffff  binit                            
2000fd6b  clkFxn                           
20012511  copysign                         
20012511  copysignl                        
20012b84  errno                            
2000ee39  free                             
20010a19  frexp                            
20010a19  frexpl                           
200121b9  gpioButtonFxn0                   
200121d1  gpioButtonFxn1                   
20012b2c  gpioCallbackFunctions            
20012b38  gpioPinConfigs                   
20013468  i2c                              
20012fbc  i2cCC32XXHWAttrs                 
200131d4  i2cCC32XXObjects                 
20013408  i2cTransaction                   
20013092  inPinTypes                       
2000d3ad  initI2C                          
20010cd9  initTimer                        
20011545  initUART                         
200118dd  initVectors                      
2000ef1d  ldexp                            
2000ef1d  ldexpl                           
20012b50  leftButton                       
20012385  main                             
2000dd01  mainThread                       
20012579  malloc                           
2000ea4d  memalign                         
20011ffd  memccpy                          
2000fba1  memcpy                           
2001042d  memset                           
20013098  outPinStrengths                  
2001307c  outPinTypes                      
20013354  output                           
20012a34  parkInfo                         
2000e92d  readTemp                         
2001204d  resetISR                         
20012060  resetVectorAddr                  
20004000  resetVectors                     
20012b54  rightButton                      
2001346c  rxBuffer                         
2000ef1d  scalbn                           
2000ef1d  scalbnl                          
200110e5  snprintf                         
20012271  strchr                           
20012329  strlen                           
20013470  timer0                           
20013028  timerCC32XXHWAttrs               
20013394  timerCC32XXObjects               
20012201  timerCallback                    
20013474  txBuffer                         
20013478  uart                             
200132d0  uartCC32XXObjects0               
20012397  wcslen                           


GLOBAL SYMBOLS: SORTED BY Symbol Address 

address   name                             
-------   ----                             
00001000  __STACK_SIZE                     
00008000  __SYSMEM_SIZE                    
20003000  __stack                          
20004000  __STACK_END                      
20004000  __start___llvm_prf_cnts          
20004000  __stop___llvm_prf_cnts           
20004000  resetVectors                     
20004040  _sys_memory                      
2000c041  __TI_printfi                     
2000ca8f  Board_initHook                   
2000ca91  PRCMCC3200MCUInit                
2000cebd  UARTCC32XX_open                  
2000d3ad  initI2C                          
2000d5fd  GPIO_setConfig                   
2000d9ad  __aeabi_dsub                     
2000d9b7  __aeabi_dadd                     
2000db63  I2C_init                         
2000db65  PowerCC32XX_sleepPolicy          
2000dd01  mainThread                       
2000e231  Power_sleep                      
2000e369  __aeabi_ddiv                     
2000e49f  PowerCC32XX_initPolicy           
2000e4a1  TimerCC32XX_open                 
2000e5c9  I2C_transferTimeout              
2000e6eb  TimerCC32XX_init                 
2000e6ed  UARTCC32XX_close                 
2000e92d  readTemp                         
2000ea4d  aligned_alloc                    
2000ea4d  memalign                         
2000eb4d  I2C_open                         
2000ec49  __aeabi_dmul                     
2000ed45  UARTCC32XX_control               
2000ee37  UARTCC32XX_init                  
2000ee39  free                             
2000ef1d  ldexp                            
2000ef1d  ldexpl                           
2000ef1d  scalbn                           
2000ef1d  scalbnl                          
2000efed  UARTCC32XX_write                 
2000f0b7  _nop                             
2000f0b9  GPIO_init                        
2000f23d  UARTCC32XX_readPolling           
2000f7d1  IntEnable                        
2000f879  PowerCC32XX_configureWakeup      
2000fa65  SemaphoreP_pend                  
2000fba1  __aeabi_memcpy                   
2000fba1  __aeabi_memcpy4                  
2000fba1  __aeabi_memcpy8                  
2000fba1  memcpy                           
2000fcd5  __aeabi_uldivmod                 
2000fd6b  clkFxn                           
2000fdfd  HwiP_construct                   
2000fe89  IntPendSet                       
2000ff11  PinConfigSet                     
2000ff99  TimerCC32XX_setPeriod            
20010021  __aeabi_cdcmpeq                  
20010021  __aeabi_cdcmple                  
200100a7  __aeabi_cdrcmple                 
2001012d  Power_init                       
20010235  Power_setDependency              
200103ab  __aeabi_fmul                     
20010425  __aeabi_memclr                   
20010425  __aeabi_memclr4                  
20010425  __aeabi_memclr8                  
20010427  __aeabi_memset                   
20010427  __aeabi_memset4                  
20010427  __aeabi_memset8                  
2001042d  memset                           
200104a1  GPIO_hwiIntFxn                   
20010519  TimerCC32XX_start                
2001075b  I2CSupport_primeTransfer         
200107c5  __TI_decompress_lzss             
2001082d  UARTCC32XX_writeCancel           
20010895  PowerCC32XX_setParkState         
200108f9  UARTCC32XX_writePolling          
2001095d  PRCMSysResetCauseGet             
200109bd  GPIO_setCallback                 
20010a19  frexp                            
20010a19  frexpl                           
20010ad1  GPIO_write                       
20010b29  PRCMPeripheralReset              
20010b81  Power_releaseDependency          
20010bd9  TimerCC32XX_stop                 
20010c85  __TI_ltoa                        
20010cd9  initTimer                        
20010d81  PowerCC32XX_resumeLPDS           
20010e77  __aeabi_idiv0                    
20010e77  __aeabi_ldiv0                    
20010e79  ClockP_doTick                    
20010e79  ClockP_sysTickHandler            
20010ec9  SemaphoreP_construct             
20010f19  TimerCC32XX_allocateTimerResource
20010f69  GPIO_enableInt                   
20011001  PowerCC32XX_parkPin              
2001104d  atoi                             
200110e5  snprintf                         
20011131  FlashDisable                     
20011179  PRCMLPDSEnter                    
200111c1  PRCMPeripheralClkEnable          
20011209  Power_releaseConstraint          
20011251  __aeabi_d2iz                     
20011299  RingBuf_put                      
20011325  ClockP_stop                      
20011369  PRCMLPDSRestoreInfoSet           
200113ad  PowerCC32XX_enterLPDS            
200113f1  SemaphoreP_post                  
20011435  SwiP_restore                     
20011479  Timer_init                       
200114bd  UART_init                        
20011501  __TI_auto_init_nobinit_nopinit   
20011545  initUART                         
20011589  ClockP_construct                 
200115c9  PinModeSet                       
20011609  RingBuf_get                      
20011649  Timer_open                       
20011689  UARTCC32XX_read                  
200116c9  UART_open                        
20011749  ClockP_destruct                  
20011785  Power_setConstraint              
200117c1  TimerCC32XX_close                
20011835  PRCMLPDSEnterKeepDebugIf         
200118dd  initVectors                      
2001194d  __aeabi_f2iz                     
20011985  __aeabi_i2f                      
200119bd  TimerControlStall                
200119f3  UARTCC32XX_readCancel            
20011a29  ClockP_getTicksUntilInterrupt    
20011a5d  ClockP_startup                   
20011a91  PinModeGet                       
20011ac5  PowerCC32XX_restoreParkState     
20011af9  TimerCC32XX_freeTimerResource    
20011b61  ClockP_start                     
20011b91  PowerCC32XX_restoreParkedPin     
20011bf1  __aeabi_i2d                      
20011c21  PowerCC32XX_getParkState         
20011c4d  HwiP_create                      
20011c77  TimerLoadSet                     
20011ca1  TimerPrescaleSet                 
20011ccb  I2CFIFODataPutNonBlocking        
20011cf5  PRCMPeripheralClkDisable         
20011d1d  Power_registerNotify             
20011d6d  I2CFIFODataGetNonBlocking        
20011d93  I2C_cancel                       
20011db9  List_put                         
20011ddf  List_remove                      
20011e05  HwiP_dispatch                    
20011e29  PowerCC32XX_reset                
20011e4d  _c_int00_noargs                  
20011e71  I2CMasterSlaveAddrSet            
20011e93  HwiP_destruct                    
20011eb5  Power_unregisterNotify           
20011ed5  RingBuf_peek                     
20011f15  I2CMasterIntStatusEx             
20011f33  SemaphoreP_constructBinary       
20011f51  TimerDisable                     
20011f6f  TimerEnable                      
20011f8d  PinToPadGet                      
20011fa9  SwiP_disable                     
20011fc5  __TI_zero_init_nomemset          
20011ffd  memccpy                          
20012019  ClockP_create                    
20012033  SemaphoreP_createBinary          
2001204d  resetISR                         
20012060  resetVectorAddr                  
20012067  I2CMasterBusBusy                 
2001207f  I2CMasterIntDisableEx            
20012097  I2CMasterIntEnableEx             
200120af  I2CRxFIFOFlush                   
200120c7  I2CTxFIFOFlush                   
200120e1  Power_getTransitionLatency       
200120f9  Power_idleFunc                   
20012111  TimerCC32XX_getCount             
20012129  TimerIntDisable                  
20012141  TimerIntEnable                   
20012159  UARTBusy                         
20012171  UARTIntEnable                    
20012189  UART_Params_init                 
200121b9  gpioButtonFxn0                   
200121d1  gpioButtonFxn1                   
200121e9  __aeabi_lmul                     
20012201  timerCallback                    
20012219  I2CMasterBurstLengthSet          
2001222f  PRCMHIBRegRead                   
20012245  PRCMHIBRegWrite                  
2001225b  SemaphoreP_create                
20012271  strchr                           
20012287  CPUcpsid                         
2001229d  HwiP_inISR                       
200122b1  I2CSupport_masterFinish          
200122c5  I2C_transfer                     
200122d9  IntVTableBaseSet                 
200122ed  Power_disablePolicy              
20012301  Power_getDependencyCount         
20012329  strlen                           
2001233d  HwiP_Params_init                 
2001234f  I2CMasterIntClearEx              
20012361  RingBuf_construct                
20012373  TimerIntClear                    
20012385  main                             
20012397  wcslen                           
200123a9  Board_init                       
200123b9  ClockP_add                       
200123c9  ClockP_delete                    
200123d9  ClockP_getCpuFreq                
200123e9  ClockP_getSystemTicks            
200123f9  ClockP_setTicks                  
20012409  HwiP_delete                      
20012419  HwiP_restore                     
20012429  I2CFIFOStatus                    
20012439  I2C_Params_init                  
20012449  Power_enablePolicy               
20012459  SemaphoreP_Params_init           
20012469  Timer_Params_init                
20012489  HwiP_clearInterrupt              
20012497  HwiP_disable                     
200124a5  HwiP_disableInterrupt            
200124b3  HwiP_enable                      
200124b3  NoRTOS_start                     
200124c1  HwiP_enableInterrupt             
200124dd  RingBuf_isFull                   
200124eb  __TI_decompress_none             
20012505  Power_getConstraintMask          
20012511  copysign                         
20012511  copysignl                        
20012535  ClockP_Params_init               
2001253f  ClockP_isActive                  
20012549  IntMasterDisable                 
20012553  Timer_start                      
2001255d  UART_write                       
20012571  __aeabi_errno_addr               
20012579  malloc                           
20012591  I2CSupport_powerRelConstraint    
20012597  I2CSupport_powerSetConstraint    
2001259d  TimerCC32XX_control              
200125a3  UtilsDelay                       
200125a9  ClockP_setTimeout                
200125ad  HwiP_post                        
200125b1  SemaphoreP_delete                
200125b5  _system_pre_init                 
200125b9  C$$EXIT                          
200125b9  abort                            
200128c8  PowerCC32XX_module               
20012a34  parkInfo                         
20012b2c  gpioCallbackFunctions            
20012b38  gpioPinConfigs                   
20012b50  leftButton                       
20012b54  rightButton                      
20012b58  TimerFlag                        
20012b5c  _lock                            
20012b60  _unlock                          
20012b6c  SemaphoreP_defaultParams         
20012b74  HwiP_key                         
20012b78  HwiP_swiPIntNum                  
20012b7c  ClockP_tickPeriod                
20012b84  errno                            
20012b88  _ctypes_                         
20012e34  PowerCC32XX_config               
20012e78  UARTCC32XX_fxnTable              
20012ea0  UART_defaultParams               
20012f0c  TimerCC32XX_fxnTable             
20012f94  GPIOCC32XX_config                
20012fbc  i2cCC32XXHWAttrs                 
20012ff8  I2C_defaultParams                
20013028  timerCC32XXHWAttrs               
20013044  Timer_config                     
20013050  UART_config                      
20013068  CONFIG_GPIO_BUTTON_0_CONST       
20013069  CONFIG_GPIO_BUTTON_1_CONST       
2001306a  CONFIG_GPIO_LED_0_CONST          
2001306b  CONFIG_I2C_0_CONST               
2001306c  I2C_count                        
2001306d  CONFIG_TIMER_0_CONST             
2001306e  Timer_count                      
2001306f  CONFIG_UART_0_CONST              
20013070  UART_count                       
20013074  I2C_config                       
2001307c  outPinTypes                      
20013092  inPinTypes                       
20013098  outPinStrengths                  
200130a8  PowerCC32XX_contextSave          
200131d4  i2cCC32XXObjects                 
200132d0  uartCC32XXObjects0               
20013354  output                           
20013394  timerCC32XXObjects               
20013408  i2cTransaction                   
20013440  ClockP_ctrl                      
20013468  i2c                              
2001346c  rxBuffer                         
20013470  timer0                           
20013474  txBuffer                         
20013478  uart                             
20013480  __TI_static_base__               
2001354c  __TI_Handler_Table_Base          
20013558  __TI_Handler_Table_Limit         
20013560  __TI_CINIT_Base                  
20013570  __TI_CINIT_Limit                 
ffffffff  __TI_pprof_out_hndl              
ffffffff  __TI_prof_data_size              
ffffffff  __TI_prof_data_start             
ffffffff  __binit__                        
ffffffff  __c_args__                       
ffffffff  binit                            
UNDEFED   ITM_flush                        
UNDEFED   ITM_restore                      
UNDEFED   __mpu_init                       
UNDEFED   _system_post_cinit               

[306 symbols]
